LOG DE ETIQUETAS CERRADAS Y ABIERTAS
=====================================

Fila 28886:
autor              {Y'know, sometimes I think the script writers ...
numero_episodio                                                   21
titulo_episodio                                            La pelota
cita               {Ya sabes, a veces creo que los guionistas esc...
orden_cita                                                       106
temporada                                                          5

Fila 28888:
autor                 {Oh, all right! Geez, I can't have any fun!
numero_episodio                                                21
titulo_episodio                                         La pelota
cita               {¡Oh, está bien! ¡Caray, no puedo divertirme!}
orden_cita                                                    108
temporada                                                       5

Fila 29236:
autor              {There's another continuity error here. Before...
numero_episodio                                                   22
titulo_episodio                          La gran oportunidad de Joey
cita               {Hay otro error de continuidad aquí. Antes de ...
orden_cita                                                       145
temporada                                                          5

Fila 50801:
autor               <Joey's eyes become large and he stands up
numero_episodio                                              8
titulo_episodio                      La otra hermana de Rachel
cita               <Los ojos de Joey se agrandan y se levanta>
orden_cita                                                  12
temporada                                                    9

Fila 50811:
autor              <Chandler nods and his eyes get big like he's ...
numero_episodio                                                    8
titulo_episodio                            La otra hermana de Rachel
cita               <Chandler asiente y sus ojos se agrandan como ...
orden_cita                                                        22
temporada                                                          9

Fila 50813:
autor              Ross and Rachel are putting baby stuff togethe...
numero_episodio                                                    8
titulo_episodio                            La otra hermana de Rachel
cita               <Ross y Rachel están juntando cosas para bebés...
orden_cita                                                        25
temporada                                                          9

Fila 50822:
autor                        <Ross goes into Rachel's room
numero_episodio                                          8
titulo_episodio                  La otra hermana de Rachel
cita               <Ross entra en la habitación de Rachel>
orden_cita                                              34
temporada                                                9

Fila 50828:
autor                        <Amy grabs her arms
numero_episodio                                8
titulo_episodio        La otra hermana de Rachel
cita               <Amy la agarra de los brazos>
orden_cita                                    40
temporada                                      9

Fila 50836:
autor              <Amy bending over fiddling with her purse when...
numero_episodio                                                    8
titulo_episodio                            La otra hermana de Rachel
cita               <Amy se inclina jugueteando con su bolso cuand...
orden_cita                                                        48
temporada                                                          9

Fila 50842:
autor              <Ross comes out of the bedrooms
numero_episodio                                  8
titulo_episodio          La otra hermana de Rachel
cita                <Ross sale de los dormitorios>
orden_cita                                      54
temporada                                        9

Fila 50852:
autor                     <Joey is walking around looking worried. 
numero_episodio                                                   8
titulo_episodio                           La otra hermana de Rachel
cita               <Joey camina por ahí con cara de preocupación. >
orden_cita                                                       64
temporada                                                         9

Fila 50879:
autor                        <Amy's cell phone rings>
numero_episodio                                     8
titulo_episodio             La otra hermana de Rachel
cita               <Suena el teléfono celular de Amy>
orden_cita                                         91
temporada                                           9

Fila 50895:
autor              <Ross and Rachel go in the kitchen
numero_episodio                                     8
titulo_episodio             La otra hermana de Rachel
cita               <Ross y Rachel entran a la cocina>
orden_cita                                        107
temporada                                           9

Fila 50901:
autor              <Rachel grabs Ross' hand for support and start...
numero_episodio                                                    8
titulo_episodio                            La otra hermana de Rachel
cita               <Rachel toma la mano de Ross para apoyarse y c...
orden_cita                                                       113
temporada                                                          9

Fila 50911:
autor              <Joey turns away and Chandler reassuringly pat...
numero_episodio                                                    8
titulo_episodio                            La otra hermana de Rachel
cita               <Joey se da vuelta y Chandler le da una palmad...
orden_cita                                                       123
temporada                                                          9

Fila 50914:
autor                   <they hug and kiss on check>
numero_episodio                                    8
titulo_episodio            La otra hermana de Rachel
cita               <se abrazan y besan al comprobar>
orden_cita                                       126
temporada                                          9

Fila 50920:
autor              <Monica and Amy turn away and walk into the li...
numero_episodio                                                    8
titulo_episodio                            La otra hermana de Rachel
cita               <Mónica y Amy se dan vuelta y caminan hacia la...
orden_cita                                                       132
temporada                                                          9

Fila 50925:
autor                          <Joey realizes what she's doing
numero_episodio                                              8
titulo_episodio                      La otra hermana de Rachel
cita               <Joey se da cuenta de lo que está haciendo>
orden_cita                                                 137
temporada                                                    9

Fila 50932:
autor                   <Joey nods in agreement
numero_episodio                               8
titulo_episodio       La otra hermana de Rachel
cita               <Joey asiente con la cabeza>
orden_cita                                  144
temporada                                     9

Fila 50962:
autor              <Amy gets pissed and starts cutting food on th...
numero_episodio                                                    8
titulo_episodio                            La otra hermana de Rachel
cita               <Amy se enoja y comienza a cortar la comida en...
orden_cita                                                       174
temporada                                                          9

Fila 50964:
autor              <Monica holds a turkey leg up in the air over ...
numero_episodio                                                    8
titulo_episodio                            La otra hermana de Rachel
cita               <Mónica sostiene una pierna de pavo en el aire...
orden_cita                                                       176
temporada                                                          9

Fila 50968:
autor                        <Ross and Rachel pause and ponder this>
numero_episodio                                                    8
titulo_episodio                            La otra hermana de Rachel
cita               <Ross y Rachel hacen una pausa y reflexionan s...
orden_cita                                                       180
temporada                                                          9

Fila 50974:
autor              <Chandler gives a look that says "Yeah!"
numero_episodio                                           8
titulo_episodio                   La otra hermana de Rachel
cita               <Chandler da una mirada que dice "¡Sí!">
orden_cita                                              186
temporada                                                 9

Fila 50976:
autor              <Everyone is looking around and at Joey with l...
numero_episodio                                                    8
titulo_episodio                            La otra hermana de Rachel
cita               <Todos miran a su alrededor y a Joey con mirad...
orden_cita                                                       188
temporada                                                          9

Fila 50980:
autor                <Joey looks to Phoebe and she nods in agreement
numero_episodio                                                    8
titulo_episodio                            La otra hermana de Rachel
cita               <Joey mira a Phoebe y ella asiente con la cabeza>
orden_cita                                                       193
temporada                                                          9

Fila 51050:
autor                                                          Scene
numero_episodio                                                    8
titulo_episodio                            La otra hermana de Rachel
cita               <todos respiran profundamente, en estado de sh...
orden_cita                                                       264
temporada                                                          9

Fila 51057:
autor                                                          Scene
numero_episodio                                                    8
titulo_episodio                            La otra hermana de Rachel
cita               <Ross asiente con la cabeza y la señala, en se...
orden_cita                                                       271
temporada                                                          9

Fila 51062:
autor                                                          Scene
numero_episodio                                                    8
titulo_episodio                            La otra hermana de Rachel
cita               <Amy empuja a Rachel y Monica se vuelve loca y...
orden_cita                                                       276
temporada                                                          9

Fila 51068:
autor                                                          Scene
numero_episodio                                                    8
titulo_episodio                            La otra hermana de Rachel
cita               <Rachel y Amy 'peleando'... En realidad solo e...
orden_cita                                                       282
temporada                                                          9

Fila 51070:
autor                                                          Scene
numero_episodio                                                    8
titulo_episodio                            La otra hermana de Rachel
cita               <Vuelven a pelear y luego la cosa realmente av...
orden_cita                                                       284
temporada                                                          9

Fila 51073:
autor                                                          Scene
numero_episodio                                                    8
titulo_episodio                            La otra hermana de Rachel
cita               <Amy comienza a escupir en la mano de Rachel y...
orden_cita                                                       287
temporada                                                          9

Fila 51075:
autor                                                          Scene
numero_episodio                                                    8
titulo_episodio                            La otra hermana de Rachel
cita               <Amy corre hacia Rachel y Rachel extiende su b...
orden_cita                                                       289
temporada                                                          9

Fila 51076:
autor                                                          Scene
numero_episodio                                                    8
titulo_episodio                            La otra hermana de Rachel
cita               <Todos se sorprenden y Mónica se desmaya y Ros...
orden_cita                                                       290
temporada                                                          9

Fila 51087:
autor                                               Scene
numero_episodio                                         8
titulo_episodio                 La otra hermana de Rachel
cita               <Ross reflexiona sobre eso y se aleja>
orden_cita                                            301
temporada                                               9

Fila 51098:
autor                                                          Scene
numero_episodio                                                    8
titulo_episodio                            La otra hermana de Rachel
cita               <se abrazan y Rachel tiene una expresión de di...
orden_cita                                                       312
temporada                                                          9

